// Jest Snapshot v1, https://goo.gl/fbAQLP

exports[`FullImage component should render correctly 1`] = `
<View
  style={
    Object {
      "backgroundColor": "white",
      "borderColor": "#e1e8ee",
      "borderWidth": 1,
      "margin": 15,
      "marginBottom": 0,
      "padding": 15,
      "shadowColor": "rgba(0,0,0, .2)",
      "shadowOffset": Object {
        "height": 0,
        "width": 0,
      },
      "shadowOpacity": 1,
      "shadowRadius": 1,
    }
  }
>
  <View
    style={
      Object {
        "backgroundColor": "transparent",
      }
    }
  >
    <View
      style={
        Object {
          "backgroundColor": "transparent",
          "position": "relative",
        }
      }
    >
      <Image
        onLoadEnd={[Function]}
        source={
          Object {
            "uri": "https://image.shutterstock.com/z/stock-photo-child-in-pajamas-relaxing-on-a-window-sill-with-pet-lazy-weekend-with-cat-at-home-cozy-scene-1052251895.jpg",
          }
        }
        style={
          Object {
            "height": 435,
            "width": "100%",
          }
        }
        theme={
          Object {
            "colors": Object {
              "disabled": "hsl(208, 8%, 90%)",
              "divider": "#bcbbc1",
              "error": "#ff190c",
              "grey0": "#393e42",
              "grey1": "#43484d",
              "grey2": "#5e6977",
              "grey3": "#86939e",
              "grey4": "#bdc6cf",
              "grey5": "#e1e8ee",
              "greyOutline": "#bbb",
              "platform": Object {
                "android": Object {
                  "error": "#f44336",
                  "primary": "#2196f3",
                  "secondary": "#9C27B0",
                  "success": "#4caf50",
                  "warning": "#ffeb3b",
                },
                "ios": Object {
                  "error": "#ff3b30",
                  "primary": "#007aff",
                  "secondary": "#5856d6",
                  "success": "#4cd964",
                  "warning": "#ffcc00",
                },
              },
              "primary": "#2089dc",
              "searchBg": "#303337",
              "secondary": "#8F0CE8",
              "success": "#52c41a",
              "warning": "#faad14",
            },
          }
        }
      />
      <View
        style={
          Object {
            "bottom": 0,
            "left": 0,
            "opacity": 1,
            "position": "absolute",
            "right": 0,
            "top": 0,
          }
        }
      >
        <View
          style={
            Object {
              "alignItems": "center",
              "backgroundColor": "#bdbdbd",
              "height": 435,
              "justifyContent": "center",
              "width": "100%",
            }
          }
          testID="RNE__Image__placeholder"
        >
          <ActivityIndicator
            animating={true}
            color="#999999"
            hidesWhenStopped={true}
            size="small"
          />
        </View>
      </View>
    </View>
    <Text
      style={Object {}}
      theme={
        Object {
          "colors": Object {
            "disabled": "hsl(208, 8%, 90%)",
            "divider": "#bcbbc1",
            "error": "#ff190c",
            "grey0": "#393e42",
            "grey1": "#43484d",
            "grey2": "#5e6977",
            "grey3": "#86939e",
            "grey4": "#bdc6cf",
            "grey5": "#e1e8ee",
            "greyOutline": "#bbb",
            "platform": Object {
              "android": Object {
                "error": "#f44336",
                "primary": "#2196f3",
                "secondary": "#9C27B0",
                "success": "#4caf50",
                "warning": "#ffeb3b",
              },
              "ios": Object {
                "error": "#ff3b30",
                "primary": "#007aff",
                "secondary": "#5856d6",
                "success": "#4cd964",
                "warning": "#ffcc00",
              },
            },
            "primary": "#2089dc",
            "searchBg": "#303337",
            "secondary": "#8F0CE8",
            "success": "#52c41a",
            "warning": "#faad14",
          },
        }
      }
    >
      Child in pajamas relaxing on a window sill with pet. Lazy weekend with cat at home. Cozy scene, hygge concept.
    </Text>
  </View>
</View>
`;
